
sort.elf:     ファイル形式 elf32-littleriscv


セクション .text.init の逆アセンブル:

00000000 <_start>:
   0:	00000093          	li	ra,0
   4:	00000113          	li	sp,0
   8:	00000193          	li	gp,0
   c:	00000213          	li	tp,0
  10:	00000293          	li	t0,0
  14:	00000313          	li	t1,0
  18:	00000393          	li	t2,0
  1c:	00000413          	li	s0,0
  20:	00000493          	li	s1,0
  24:	00000513          	li	a0,0
  28:	00000593          	li	a1,0
  2c:	00000613          	li	a2,0
  30:	00000693          	li	a3,0
  34:	00000713          	li	a4,0
  38:	00000793          	li	a5,0
  3c:	00100197          	auipc	gp,0x100
  40:	7c418193          	addi	gp,gp,1988 # 100800 <__global_pointer$>
  44:	00101117          	auipc	sp,0x101
  48:	fbc10113          	addi	sp,sp,-68 # 101000 <_sp>
  4c:	00000513          	li	a0,0
  50:	00000593          	li	a1,0
  54:	00000097          	auipc	ra,0x0
  58:	014080e7          	jalr	20(ra) # 68 <main>
  5c:	00000013          	nop
  60:	00000013          	nop
  64:	00100073          	ebreak

セクション .text の逆アセンブル:

00000068 <main>:
  68:	00600513          	li	a0,6
  6c:	00008067          	ret

セクション .stack の逆アセンブル:

00100000 <_heap_end>:
	...

セクション .uncached_RAM の逆アセンブル:

7ff00000 <_vram_base>:
	...

セクション .stab の逆アセンブル:

00000000 <.stab>:
   0:	0001                	nop
   2:	0000                	unimp
   4:	0000                	unimp
   6:	0019                	c.nop	6
   8:	0038                	addi	a4,sp,8
   a:	0000                	unimp
   c:	0000000b          	0xb
  10:	0064                	addi	s1,sp,12
  12:	0000                	unimp
  14:	0068                	addi	a0,sp,12
  16:	0000                	unimp
  18:	0001                	nop
  1a:	0000                	unimp
  1c:	0064                	addi	s1,sp,12
  1e:	0000                	unimp
  20:	0068                	addi	a0,sp,12
  22:	0000                	unimp
  24:	0000                	unimp
  26:	0000                	unimp
  28:	0044                	addi	s1,sp,4
  2a:	0020                	addi	s0,sp,8
	...
  34:	0044                	addi	s1,sp,4
  36:	0021                	c.nop	8
  38:	0004                	0x4
  3a:	0000                	unimp
  3c:	0000                	unimp
  3e:	0000                	unimp
  40:	0044                	addi	s1,sp,4
  42:	0022                	c.slli	zero,0x8
  44:	0008                	0x8
  46:	0000                	unimp
  48:	0000                	unimp
  4a:	0000                	unimp
  4c:	0044                	addi	s1,sp,4
  4e:	000c0023          	sb	zero,0(s8)
  52:	0000                	unimp
  54:	0000                	unimp
  56:	0000                	unimp
  58:	0044                	addi	s1,sp,4
  5a:	0024                	addi	s1,sp,8
  5c:	0010                	0x10
  5e:	0000                	unimp
  60:	0000                	unimp
  62:	0000                	unimp
  64:	0044                	addi	s1,sp,4
  66:	0025                	c.nop	9
  68:	0014                	0x14
  6a:	0000                	unimp
  6c:	0000                	unimp
  6e:	0000                	unimp
  70:	0044                	addi	s1,sp,4
  72:	0026                	c.slli	zero,0x9
  74:	0018                	0x18
  76:	0000                	unimp
  78:	0000                	unimp
  7a:	0000                	unimp
  7c:	0044                	addi	s1,sp,4
  7e:	001c0027          	0x1c0027
  82:	0000                	unimp
  84:	0000                	unimp
  86:	0000                	unimp
  88:	0044                	addi	s1,sp,4
  8a:	0028                	addi	a0,sp,8
  8c:	0020                	addi	s0,sp,8
  8e:	0000                	unimp
  90:	0000                	unimp
  92:	0000                	unimp
  94:	0044                	addi	s1,sp,4
  96:	0029                	c.nop	10
  98:	0024                	addi	s1,sp,8
  9a:	0000                	unimp
  9c:	0000                	unimp
  9e:	0000                	unimp
  a0:	0044                	addi	s1,sp,4
  a2:	002a                	c.slli	zero,0xa
  a4:	0028                	addi	a0,sp,8
  a6:	0000                	unimp
  a8:	0000                	unimp
  aa:	0000                	unimp
  ac:	0044                	addi	s1,sp,4
  ae:	002c002b          	0x2c002b
  b2:	0000                	unimp
  b4:	0000                	unimp
  b6:	0000                	unimp
  b8:	0044                	addi	s1,sp,4
  ba:	002c                	addi	a1,sp,8
  bc:	0030                	addi	a2,sp,8
  be:	0000                	unimp
  c0:	0000                	unimp
  c2:	0000                	unimp
  c4:	0044                	addi	s1,sp,4
  c6:	002d                	c.nop	11
  c8:	0034                	addi	a3,sp,8
  ca:	0000                	unimp
  cc:	0000                	unimp
  ce:	0000                	unimp
  d0:	0044                	addi	s1,sp,4
  d2:	002e                	c.slli	zero,0xb
  d4:	0038                	addi	a4,sp,8
  d6:	0000                	unimp
  d8:	0000                	unimp
  da:	0000                	unimp
  dc:	0044                	addi	s1,sp,4
  de:	004d                	c.nop	19
  e0:	003c                	addi	a5,sp,8
  e2:	0000                	unimp
  e4:	0000                	unimp
  e6:	0000                	unimp
  e8:	0044                	addi	s1,sp,4
  ea:	0044004f          	fnmadd.s	ft0,fs0,ft4,ft0,rne
  ee:	0000                	unimp
  f0:	0000                	unimp
  f2:	0000                	unimp
  f4:	0044                	addi	s1,sp,4
  f6:	004c0057          	0x4c0057
  fa:	0000                	unimp
  fc:	0000                	unimp
  fe:	0000                	unimp
 100:	0044                	addi	s1,sp,4
 102:	0058                	addi	a4,sp,4
 104:	0050                	addi	a2,sp,4
 106:	0000                	unimp
 108:	0000                	unimp
 10a:	0000                	unimp
 10c:	0044                	addi	s1,sp,4
 10e:	0059                	c.nop	22
 110:	0054                	addi	a3,sp,4
 112:	0000                	unimp
 114:	0000                	unimp
 116:	0000                	unimp
 118:	0044                	addi	s1,sp,4
 11a:	005c005b          	0x5c005b
 11e:	0000                	unimp
 120:	0000                	unimp
 122:	0000                	unimp
 124:	0044                	addi	s1,sp,4
 126:	005c                	addi	a5,sp,4
 128:	0060                	addi	s0,sp,12
 12a:	0000                	unimp
 12c:	0000                	unimp
 12e:	0000                	unimp
 130:	0044                	addi	s1,sp,4
 132:	005d                	c.nop	23
 134:	0064                	addi	s1,sp,12
	...

セクション .comment の逆アセンブル:

00000000 <.comment>:
   0:	3a434347          	fmsub.d	ft6,ft6,ft4,ft7,rmm
   4:	2820                	fld	fs0,80(s0)
   6:	29554e47          	fmsub.s	ft8,fa0,fs5,ft5,rmm
   a:	3820                	fld	fs0,112(s0)
   c:	322e                	fld	ft4,232(sp)
   e:	302e                	fld	ft0,232(sp)
	...

セクション .stabstr の逆アセンブル:

00000000 <.stabstr>:
   0:	7300                	flw	fs0,32(a4)
   2:	6174                	flw	fa3,68(a0)
   4:	7472                	flw	fs0,60(sp)
   6:	7075                	c.lui	zero,0xffffd
   8:	732e                	flw	ft6,232(sp)
   a:	2f00                	fld	fs0,24(a4)
   c:	632f7473          	csrrci	s0,0x632,30
  10:	3032                	fld	ft0,296(sp)
  12:	3332                	fld	ft6,296(sp)
  14:	3233632f          	0x3233632f
  18:	3335                	jal	fffffd44 <_vram_base+0x800ffd44>
  1a:	6d65732f          	0x6d65732f
  1e:	6e69                	lui	t3,0x1a
  20:	642d726f          	jal	tp,d7662 <__stack_size+0xd6662>
  24:	7269                	lui	tp,0xffffa
  26:	7369722f          	0x7369722f
  2a:	6e2d7663          	bleu	sp,s10,716 <main+0x6ae>
  2e:	2f70                	fld	fa2,216(a4)
  30:	706d6173          	csrrsi	sp,0x706,26
  34:	656c                	flw	fa1,76(a0)
  36:	          	0x2f
